\BOOKMARK [1][-]{section.1}{\376\377\000P\000a\000r\000a\000l\000l\000e\000l\000\040\000a\000n\000d\000\040\000C\000o\000n\000c\000u\000r\000r\000e\000n\000t\000\040\000P\000r\000o\000g\000r\000a\000m\000m\000i\000n\000g}{}% 1
\BOOKMARK [1][-]{section.2}{\376\377\000C\000o\000m\000p\000u\000t\000e\000r\000\040\000A\000r\000c\000h\000i\000t\000e\000c\000t\000u\000r\000e}{}% 2
\BOOKMARK [2][-]{subsection.2.1}{\376\377\000I\000n\000t\000r\000o\000d\000u\000c\000t\000i\000o\000n}{section.2}% 3
\BOOKMARK [3][-]{subsubsection.2.1.1}{\376\377\000W\000h\000a\000t\000\040\000i\000s\000\040\000a\000r\000c\000h\000i\000t\000e\000c\000t\000u\000r\000e\000?}{subsection.2.1}% 4
\BOOKMARK [3][-]{subsubsection.2.1.2}{\376\377\000A\000s\000s\000e\000m\000b\000l\000y\000\040\000p\000r\000o\000g\000r\000a\000m\000m\000i\000n\000g}{subsection.2.1}% 5
\BOOKMARK [3][-]{subsubsection.2.1.3}{\376\377\000C\000o\000m\000p\000o\000n\000e\000n\000t\000s\000\040\000o\000f\000\040\000a\000\040\000c\000o\000m\000p\000u\000t\000e\000r}{subsection.2.1}% 6
\BOOKMARK [3][-]{subsubsection.2.1.4}{\376\377\000M\000e\000a\000s\000u\000r\000i\000n\000g\000\040\000p\000e\000r\000f\000o\000r\000m\000a\000n\000c\000e}{subsection.2.1}% 7
\BOOKMARK [3][-]{subsubsection.2.1.5}{\376\377\000P\000e\000r\000f\000o\000r\000m\000a\000n\000c\000e\000\040\000f\000a\000l\000l\000a\000c\000i\000e\000s}{subsection.2.1}% 8
\BOOKMARK [2][-]{subsection.2.2}{\376\377\000M\000I\000P\000S}{section.2}% 9
\BOOKMARK [3][-]{subsubsection.2.2.1}{\376\377\000V\000o\000n\000\040\000N\000e\000u\000m\000a\000n\000n\000\040\000a\000r\000c\000h\000i\000t\000e\000c\000t\000u\000r\000e}{subsection.2.2}% 10
\BOOKMARK [3][-]{subsubsection.2.2.2}{\376\377\000H\000i\000e\000r\000a\000r\000c\000h\000y\000\040\000o\000f\000\040\000p\000r\000o\000g\000r\000a\000m\000m\000i\000n\000g\000\040\000l\000a\000n\000g\000u\000a\000g\000e\000s}{subsection.2.2}% 11
\BOOKMARK [3][-]{subsubsection.2.2.3}{\376\377\000A\000s\000s\000e\000m\000b\000l\000y}{subsection.2.2}% 12
\BOOKMARK [3][-]{subsubsection.2.2.4}{\376\377\000I\000n\000s\000t\000r\000u\000c\000t\000i\000o\000n\000\040\000p\000h\000i\000l\000o\000s\000o\000p\000h\000i\000e\000s}{subsection.2.2}% 13
\BOOKMARK [3][-]{subsubsection.2.2.5}{\376\377\000M\000I\000P\000S}{subsection.2.2}% 14
\BOOKMARK [3][-]{subsubsection.2.2.6}{\376\377\000A\000s\000s\000e\000m\000b\000l\000e\000r\000\040\000d\000i\000r\000e\000c\000t\000i\000v\000e\000s}{subsection.2.2}% 15
\BOOKMARK [3][-]{subsubsection.2.2.7}{\376\377\000L\000a\000b\000e\000l\000s}{subsection.2.2}% 16
\BOOKMARK [3][-]{subsubsection.2.2.8}{\376\377\000R\000e\000g\000i\000s\000t\000e\000r\000s}{subsection.2.2}% 17
\BOOKMARK [3][-]{subsubsection.2.2.9}{\376\377\000M\000e\000m\000o\000r\000y}{subsection.2.2}% 18
\BOOKMARK [3][-]{subsubsection.2.2.10}{\376\377\000S\000t\000a\000c\000k}{subsection.2.2}% 19
\BOOKMARK [3][-]{subsubsection.2.2.11}{\376\377\000D\000a\000t\000a\000\040\000t\000r\000a\000n\000s\000f\000e\000r\000\040\000i\000n\000s\000t\000r\000u\000c\000t\000i\000o\000n\000s}{subsection.2.2}% 20
\BOOKMARK [1][-]{section.3}{\376\377\000T\000h\000e\000o\000r\000y\000\040\000o\000f\000\040\000C\000o\000m\000p\000u\000t\000a\000t\000i\000o\000n}{}% 21
\BOOKMARK [2][-]{subsection.3.1}{\376\377\000R\000e\000g\000u\000l\000a\000r\000\040\000L\000a\000n\000g\000u\000a\000g\000e\000s}{section.3}% 22
\BOOKMARK [3][-]{subsubsection.3.1.1}{\376\377\000F\000i\000n\000i\000t\000e\000\040\000a\000u\000t\000o\000m\000a\000t\000a}{subsection.3.1}% 23
\BOOKMARK [3][-]{subsubsection.3.1.2}{\376\377\000S\000t\000r\000i\000n\000g\000s\000\040\000a\000n\000d\000\040\000l\000a\000n\000g\000u\000a\000g\000e\000s}{subsection.3.1}% 24
\BOOKMARK [3][-]{subsubsection.3.1.3}{\376\377\000R\000e\000g\000u\000l\000a\000r\000\040\000e\000x\000p\000r\000e\000s\000s\000i\000o\000n\000s}{subsection.3.1}% 25
\BOOKMARK [3][-]{subsubsection.3.1.4}{\376\377\000N\000o\000n\000d\000e\000t\000e\000r\000m\000i\000n\000i\000s\000t\000i\000c\000\040\000f\000i\000n\000i\000t\000e\000\040\000a\000u\000t\000o\000m\000a\000t\000a}{subsection.3.1}% 26
\BOOKMARK [3][-]{subsubsection.3.1.5}{\376\377\000C\000o\000n\000v\000e\000r\000t\000i\000n\000g\000\040\000N\000F\000A\000s\000\040\000t\000o\000\040\000D\000F\000A\000s}{subsection.3.1}% 27
\BOOKMARK [3][-]{subsubsection.3.1.6}{\376\377\000C\000l\000o\000s\000u\000r\000e\000\040\000p\000r\000o\000p\000e\000r\000t\000i\000e\000s\000\040\000f\000o\000r\000\040\000r\000e\000g\000u\000l\000a\000r\000\040\000l\000a\000n\000g\000u\000a\000g\000e\000s}{subsection.3.1}% 28
\BOOKMARK [3][-]{subsubsection.3.1.7}{\376\377\000C\000o\000n\000v\000e\000r\000t\000i\000n\000g\000\040\000a\000\040\000r\000e\000g\000u\000l\000a\000r\000\040\000e\000x\000p\000r\000e\000s\000s\000i\000o\000n\000\040\000t\000o\000\040\000N\000F\000A}{subsection.3.1}% 29
\BOOKMARK [3][-]{subsubsection.3.1.8}{\376\377\000G\000e\000n\000e\000r\000a\000l\000i\000z\000e\000d\000\040\000N\000F\000A}{subsection.3.1}% 30
\BOOKMARK [3][-]{subsubsection.3.1.9}{\376\377\000C\000o\000n\000v\000e\000r\000t\000i\000n\000g\000\040\000a\000\040\000G\000N\000F\000A\000\040\000t\000o\000\040\000a\000\040\000r\000e\000g\000u\000l\000a\000r\000\040\000e\000x\000p\000r\000e\000s\000s\000i\000o\000n}{subsection.3.1}% 31
\BOOKMARK [3][-]{subsubsection.3.1.10}{\376\377\000N\000o\000n\000-\000r\000e\000g\000u\000l\000a\000r\000\040\000l\000a\000n\000g\000u\000a\000g\000e\000s}{subsection.3.1}% 32
\BOOKMARK [3][-]{subsubsection.3.1.11}{\376\377\000P\000r\000o\000v\000i\000n\000g\000\040\000n\000o\000n\000-\000r\000e\000g\000u\000l\000a\000r\000i\000t\000y}{subsection.3.1}% 33
\BOOKMARK [2][-]{subsection.3.2}{\376\377\000C\000o\000n\000t\000e\000x\000t\000-\000f\000r\000e\000e\000\040\000l\000a\000n\000g\000u\000a\000g\000e\000s}{section.3}% 34
\BOOKMARK [3][-]{subsubsection.3.2.1}{\376\377\000C\000o\000n\000t\000e\000x\000t\000-\000f\000r\000e\000e\000\040\000g\000r\000a\000m\000m\000a\000r\000s}{subsection.3.2}% 35
\BOOKMARK [3][-]{subsubsection.3.2.2}{\376\377\000A\000m\000b\000i\000g\000u\000i\000t\000y}{subsection.3.2}% 36
\BOOKMARK [3][-]{subsubsection.3.2.3}{\376\377\000P\000u\000s\000h\000d\000o\000w\000n\000\040\000a\000u\000t\000o\000m\000a\000t\000o\000n}{subsection.3.2}% 37
\BOOKMARK [3][-]{subsubsection.3.2.4}{\376\377\000C\000o\000n\000v\000e\000r\000t\000i\000n\000g\000\040\000C\000F\000G\000s\000\040\000t\000o\000\040\000P\000D\000A\000s}{subsection.3.2}% 38
\BOOKMARK [3][-]{subsubsection.3.2.5}{\376\377\000E\000q\000u\000i\000v\000a\000l\000e\000n\000c\000e\000\040\000o\000f\000\040\000C\000F\000G\000s\000\040\000a\000n\000d\000\040\000P\000D\000A\000s}{subsection.3.2}% 39
\BOOKMARK [3][-]{subsubsection.3.2.6}{\376\377\000C\000h\000o\000m\000s\000k\000y\000\040\000n\000o\000r\000m\000a\000l\000\040\000f\000o\000r\000m\000\040\000\050\000C\000N\000F\000\051}{subsection.3.2}% 40
\BOOKMARK [3][-]{subsubsection.3.2.7}{\376\377\000P\000r\000o\000v\000i\000n\000g\000\040\000l\000a\000n\000g\000u\000a\000g\000e\000s\000\040\000a\000r\000e\000\040\000n\000o\000t\000\040\000c\000o\000n\000t\000e\000x\000t\000\040\000f\000r\000e\000e}{subsection.3.2}% 41
\BOOKMARK [2][-]{subsection.3.3}{\376\377\000T\000u\000r\000i\000n\000g\000\040\000M\000a\000c\000h\000i\000n\000e\000s}{section.3}% 42
\BOOKMARK [3][-]{subsubsection.3.3.1}{\376\377\000T\000u\000r\000i\000n\000g\000\040\000m\000a\000c\000h\000i\000n\000e\000s}{subsection.3.3}% 43
\BOOKMARK [3][-]{subsubsection.3.3.2}{\376\377\000D\000e\000t\000e\000r\000m\000i\000n\000i\000s\000m}{subsection.3.3}% 44
\BOOKMARK [3][-]{subsubsection.3.3.3}{\376\377\000I\000n\000s\000t\000a\000n\000t\000a\000n\000e\000o\000u\000s\000\040\000d\000e\000s\000c\000r\000i\000p\000t\000i\000o\000n\000s}{subsection.3.3}% 45
\BOOKMARK [3][-]{subsubsection.3.3.4}{\376\377\000L\000a\000n\000g\000u\000a\000g\000e\000\040\000a\000c\000c\000e\000p\000t\000e\000d\000\040\000b\000y\000\040\000a\000\040\000t\000u\000r\000i\000n\000g\000\040\000m\000a\000c\000h\000i\000n\000e}{subsection.3.3}% 46
